[debug] [2026-05-22T12:13:46.294Z] ----------------------------------------------------------------------
[debug] [2026-05-22T12:13:46.295Z] Command:       C:\Program Files\nodejs\node.exe C:\Users\BrilliantlyCandied\AppData\Roaming\npm\node_modules\firebase-tools\lib\bin\firebase.js deploy
[debug] [2026-05-22T12:13:46.295Z] CLI Version:   15.18.0
[debug] [2026-05-22T12:13:46.295Z] Platform:      win32
[debug] [2026-05-22T12:13:46.295Z] Node Version:  v24.14.1
[debug] [2026-05-22T12:13:46.295Z] Time:          Fri May 22 2026 08:13:46 GMT-0400 (Eastern Daylight Time)
[debug] [2026-05-22T12:13:46.295Z] ----------------------------------------------------------------------
[debug] 
[debug] [2026-05-22T12:13:47.848Z] Object "" in "firebase.json" has unknown property: {"additionalProperty":"flutter"}
[debug] [2026-05-22T12:13:47.849Z] > command requires scopes: ["email","openid","https://www.googleapis.com/auth/cloudplatformprojects.readonly","https://www.googleapis.com/auth/firebase","https://www.googleapis.com/auth/cloud-platform"]
[debug] [2026-05-22T12:13:47.849Z] > authorizing via signed-in user (americanegghub@gmail.com)
[debug] [2026-05-22T12:13:47.850Z] [iam] checking project remot3forg3 for permissions ["firebase.projects.get"]
[debug] [2026-05-22T12:13:47.850Z] Checked if tokens are valid: false, expires at: 1779409245646
[debug] [2026-05-22T12:13:47.850Z] Checked if tokens are valid: false, expires at: 1779409245646
[debug] [2026-05-22T12:13:47.850Z] > refreshing access token with scopes: []
[debug] [2026-05-22T12:13:47.851Z] >>> [apiv2][query] POST https://www.googleapis.com/oauth2/v3/token [none]
[debug] [2026-05-22T12:13:47.851Z] >>> [apiv2][body] POST https://www.googleapis.com/oauth2/v3/token [omitted]
[debug] [2026-05-22T12:13:48.029Z] <<< [apiv2][status] POST https://www.googleapis.com/oauth2/v3/token 200
[debug] [2026-05-22T12:13:48.029Z] <<< [apiv2][body] POST https://www.googleapis.com/oauth2/v3/token [omitted]
[debug] [2026-05-22T12:13:48.041Z] >>> [apiv2][query] POST https://cloudresourcemanager.googleapis.com/v1/projects/remot3forg3:testIamPermissions [none]
[debug] [2026-05-22T12:13:48.041Z] >>> [apiv2][(partial)header] POST https://cloudresourcemanager.googleapis.com/v1/projects/remot3forg3:testIamPermissions  x-goog-user-project=remot3forg3
[debug] [2026-05-22T12:13:48.041Z] >>> [apiv2][body] POST https://cloudresourcemanager.googleapis.com/v1/projects/remot3forg3:testIamPermissions {"permissions":["firebase.projects.get"]}
[debug] [2026-05-22T12:13:48.294Z] <<< [apiv2][status] POST https://cloudresourcemanager.googleapis.com/v1/projects/remot3forg3:testIamPermissions 200
[debug] [2026-05-22T12:13:48.294Z] <<< [apiv2][body] POST https://cloudresourcemanager.googleapis.com/v1/projects/remot3forg3:testIamPermissions {"permissions":["firebase.projects.get"]}
[info] 
[info] === Deploying to 'remot3forg3'...
[info] 
[info] i  deploying apphosting 
[debug] [2026-05-22T12:13:48.297Z] Checked if tokens are valid: true, expires at: 1779455627030
[debug] [2026-05-22T12:13:48.297Z] Checked if tokens are valid: true, expires at: 1779455627030
[debug] [2026-05-22T12:13:48.297Z] >>> [apiv2][query] POST https://iam.googleapis.com/v1/projects/remot3forg3/serviceAccounts/firebase-app-hosting-compute@remot3forg3.iam.gserviceaccount.com:testIamPermissions [none]
[debug] [2026-05-22T12:13:48.297Z] >>> [apiv2][(partial)header] POST https://iam.googleapis.com/v1/projects/remot3forg3/serviceAccounts/firebase-app-hosting-compute@remot3forg3.iam.gserviceaccount.com:testIamPermissions  x-goog-user-project=remot3forg3
[debug] [2026-05-22T12:13:48.297Z] >>> [apiv2][body] POST https://iam.googleapis.com/v1/projects/remot3forg3/serviceAccounts/firebase-app-hosting-compute@remot3forg3.iam.gserviceaccount.com:testIamPermissions {"permissions":["iam.serviceAccounts.actAs"]}
[debug] [2026-05-22T12:13:48.573Z] <<< [apiv2][status] POST https://iam.googleapis.com/v1/projects/remot3forg3/serviceAccounts/firebase-app-hosting-compute@remot3forg3.iam.gserviceaccount.com:testIamPermissions 200
[debug] [2026-05-22T12:13:48.573Z] <<< [apiv2][body] POST https://iam.googleapis.com/v1/projects/remot3forg3/serviceAccounts/firebase-app-hosting-compute@remot3forg3.iam.gserviceaccount.com:testIamPermissions {"permissions":["iam.serviceAccounts.actAs"]}
[debug] [2026-05-22T12:13:48.574Z] Checked if tokens are valid: true, expires at: 1779455627030
[debug] [2026-05-22T12:13:48.574Z] Checked if tokens are valid: true, expires at: 1779455627030
[debug] [2026-05-22T12:13:48.574Z] >>> [apiv2][query] POST https://iam.googleapis.com/v1/projects/remot3forg3/serviceAccounts [none]
[debug] [2026-05-22T12:13:48.574Z] >>> [apiv2][body] POST https://iam.googleapis.com/v1/projects/remot3forg3/serviceAccounts {"accountId":"firebase-app-hosting-compute","serviceAccount":{"displayName":"Firebase App Hosting compute service account","description":"Default service account used to run builds and deploys for Firebase App Hosting"}}
[debug] [2026-05-22T12:13:48.790Z] <<< [apiv2][status] POST https://iam.googleapis.com/v1/projects/remot3forg3/serviceAccounts 409
[debug] [2026-05-22T12:13:48.790Z] <<< [apiv2][body] POST https://iam.googleapis.com/v1/projects/remot3forg3/serviceAccounts [omitted]
[debug] [2026-05-22T12:13:48.791Z] Checked if tokens are valid: true, expires at: 1779455627030
[debug] [2026-05-22T12:13:48.791Z] Checked if tokens are valid: true, expires at: 1779455627030
[debug] [2026-05-22T12:13:48.791Z] >>> [apiv2][query] POST https://cloudresourcemanager.googleapis.com/v1/projects/remot3forg3:getIamPolicy [none]
[debug] [2026-05-22T12:13:48.982Z] <<< [apiv2][status] POST https://cloudresourcemanager.googleapis.com/v1/projects/remot3forg3:getIamPolicy 200
[debug] [2026-05-22T12:13:48.982Z] <<< [apiv2][body] POST https://cloudresourcemanager.googleapis.com/v1/projects/remot3forg3:getIamPolicy {"version":1,"etag":"BwZSP+ncLy4=","bindings":[{"role":"roles/artifactregistry.serviceAgent","members":["serviceAccount:service-654981858296@gcp-sa-artifactregistry.iam.gserviceaccount.com"]},{"role":"roles/cloudbuild.builds.builder","members":["serviceAccount:654981858296@cloudbuild.gserviceaccount.com"]},{"role":"roles/cloudbuild.serviceAgent","members":["serviceAccount:service-654981858296@gcp-sa-cloudbuild.iam.gserviceaccount.com"]},{"role":"roles/containerregistry.ServiceAgent","members":["serviceAccount:service-654981858296@containerregistry.iam.gserviceaccount.com"]},{"role":"roles/developerconnect.readTokenAccessor","members":["serviceAccount:firebase-app-hosting-compute@remot3forg3.iam.gserviceaccount.com"]},{"role":"roles/developerconnect.serviceAgent","members":["serviceAccount:service-654981858296@gcp-sa-devconnect.iam.gserviceaccount.com"]},{"role":"roles/editor","members":["serviceAccount:654981858296-compute@developer.gserviceaccount.com"]},{"role":"roles/firebase.managementServiceAgent","members":["serviceAccount:service-654981858296@gcp-sa-firebase.iam.gserviceaccount.com"]},{"role":"roles/firebase.sdkAdminServiceAgent","members":["serviceAccount:firebase-adminsdk-fbsvc@remot3forg3.iam.gserviceaccount.com","serviceAccount:firebase-app-hosting-compute@remot3forg3.iam.gserviceaccount.com"]},{"role":"roles/firebaseapphosting.computeRunner","members":["serviceAccount:firebase-app-hosting-compute@remot3forg3.iam.gserviceaccount.com"]},{"role":"roles/firebaseapphosting.serviceAgent","members":["serviceAccount:service-654981858296@gcp-sa-firebaseapphosting.iam.gserviceaccount.com"]},{"role":"roles/firebaseauth.admin","members":["serviceAccount:firebase-adminsdk-fbsvc@remot3forg3.iam.gserviceaccount.com"]},{"role":"roles/firebaserules.system","members":["serviceAccount:service-654981858296@firebase-rules.iam.gserviceaccount.com"]},{"role":"roles/firebasestorage.serviceAgent","members":["serviceAccount:service-654981858296@gcp-sa-firebasestorage.iam.gserviceaccount.com"]},{"role":"roles/firestore.serviceAgent","members":["serviceAccount:service-654981858296@gcp-sa-firestore.iam.gserviceaccount.com"]},{"role":"roles/iam.serviceAccountTokenCreator","members":["serviceAccount:firebase-adminsdk-fbsvc@remot3forg3.iam.gserviceaccount.com"]},{"role":"roles/owner","members":["user:americanegghub@gmail.com"]},{"role":"roles/run.serviceAgent","members":["serviceAccount:service-654981858296@serverless-robot-prod.iam.gserviceaccount.com"]},{"role":"roles/secretmanager.admin_withcond_504a167a93e779894424","members":["serviceAccount:service-654981858296@gcp-sa-devconnect.iam.gserviceaccount.com"]},{"role":"roles/storage.admin","members":["serviceAccount:firebase-adminsdk-fbsvc@remot3forg3.iam.gserviceaccount.com"]},{"role":"roles/storage.objectViewer","members":["serviceAccount:firebase-app-hosting-compute@remot3forg3.iam.gserviceaccount.com"]}]}
[debug] [2026-05-22T12:13:48.982Z] Checked if tokens are valid: true, expires at: 1779455627030
[debug] [2026-05-22T12:13:48.982Z] Checked if tokens are valid: true, expires at: 1779455627030
[debug] [2026-05-22T12:13:48.982Z] >>> [apiv2][query] POST https://cloudresourcemanager.googleapis.com/v1/projects/remot3forg3:setIamPolicy [none]
[debug] [2026-05-22T12:13:48.982Z] >>> [apiv2][body] POST https://cloudresourcemanager.googleapis.com/v1/projects/remot3forg3:setIamPolicy {"policy":{"version":1,"etag":"BwZSP+ncLy4=","bindings":[{"role":"roles/artifactregistry.serviceAgent","members":["serviceAccount:service-654981858296@gcp-sa-artifactregistry.iam.gserviceaccount.com"]},{"role":"roles/cloudbuild.builds.builder","members":["serviceAccount:654981858296@cloudbuild.gserviceaccount.com"]},{"role":"roles/cloudbuild.serviceAgent","members":["serviceAccount:service-654981858296@gcp-sa-cloudbuild.iam.gserviceaccount.com"]},{"role":"roles/containerregistry.ServiceAgent","members":["serviceAccount:service-654981858296@containerregistry.iam.gserviceaccount.com"]},{"role":"roles/developerconnect.readTokenAccessor","members":["serviceAccount:firebase-app-hosting-compute@remot3forg3.iam.gserviceaccount.com"]},{"role":"roles/developerconnect.serviceAgent","members":["serviceAccount:service-654981858296@gcp-sa-devconnect.iam.gserviceaccount.com"]},{"role":"roles/editor","members":["serviceAccount:654981858296-compute@developer.gserviceaccount.com"]},{"role":"roles/firebase.managementServiceAgent","members":["serviceAccount:service-654981858296@gcp-sa-firebase.iam.gserviceaccount.com"]},{"role":"roles/firebase.sdkAdminServiceAgent","members":["serviceAccount:firebase-adminsdk-fbsvc@remot3forg3.iam.gserviceaccount.com","serviceAccount:firebase-app-hosting-compute@remot3forg3.iam.gserviceaccount.com"]},{"role":"roles/firebaseapphosting.computeRunner","members":["serviceAccount:firebase-app-hosting-compute@remot3forg3.iam.gserviceaccount.com"]},{"role":"roles/firebaseapphosting.serviceAgent","members":["serviceAccount:service-654981858296@gcp-sa-firebaseapphosting.iam.gserviceaccount.com"]},{"role":"roles/firebaseauth.admin","members":["serviceAccount:firebase-adminsdk-fbsvc@remot3forg3.iam.gserviceaccount.com"]},{"role":"roles/firebaserules.system","members":["serviceAccount:service-654981858296@firebase-rules.iam.gserviceaccount.com"]},{"role":"roles/firebasestorage.serviceAgent","members":["serviceAccount:service-654981858296@gcp-sa-firebasestorage.iam.gserviceaccount.com"]},{"role":"roles/firestore.serviceAgent","members":["serviceAccount:service-654981858296@gcp-sa-firestore.iam.gserviceaccount.com"]},{"role":"roles/iam.serviceAccountTokenCreator","members":["serviceAccount:firebase-adminsdk-fbsvc@remot3forg3.iam.gserviceaccount.com"]},{"role":"roles/owner","members":["user:americanegghub@gmail.com"]},{"role":"roles/run.serviceAgent","members":["serviceAccount:service-654981858296@serverless-robot-prod.iam.gserviceaccount.com"]},{"role":"roles/secretmanager.admin_withcond_504a167a93e779894424","members":["serviceAccount:service-654981858296@gcp-sa-devconnect.iam.gserviceaccount.com"]},{"role":"roles/storage.admin","members":["serviceAccount:firebase-adminsdk-fbsvc@remot3forg3.iam.gserviceaccount.com"]},{"role":"roles/storage.objectViewer","members":["serviceAccount:firebase-app-hosting-compute@remot3forg3.iam.gserviceaccount.com"]}]},"updateMask":"bindings"}
[debug] [2026-05-22T12:13:49.918Z] <<< [apiv2][status] POST https://cloudresourcemanager.googleapis.com/v1/projects/remot3forg3:setIamPolicy 200
[debug] [2026-05-22T12:13:49.918Z] <<< [apiv2][body] POST https://cloudresourcemanager.googleapis.com/v1/projects/remot3forg3:setIamPolicy {"version":1,"etag":"BwZSZvYo6Is=","bindings":[{"role":"roles/artifactregistry.serviceAgent","members":["serviceAccount:service-654981858296@gcp-sa-artifactregistry.iam.gserviceaccount.com"]},{"role":"roles/cloudbuild.builds.builder","members":["serviceAccount:654981858296@cloudbuild.gserviceaccount.com"]},{"role":"roles/cloudbuild.serviceAgent","members":["serviceAccount:service-654981858296@gcp-sa-cloudbuild.iam.gserviceaccount.com"]},{"role":"roles/containerregistry.ServiceAgent","members":["serviceAccount:service-654981858296@containerregistry.iam.gserviceaccount.com"]},{"role":"roles/developerconnect.readTokenAccessor","members":["serviceAccount:firebase-app-hosting-compute@remot3forg3.iam.gserviceaccount.com"]},{"role":"roles/developerconnect.serviceAgent","members":["serviceAccount:service-654981858296@gcp-sa-devconnect.iam.gserviceaccount.com"]},{"role":"roles/editor","members":["serviceAccount:654981858296-compute@developer.gserviceaccount.com"]},{"role":"roles/firebase.managementServiceAgent","members":["serviceAccount:service-654981858296@gcp-sa-firebase.iam.gserviceaccount.com"]},{"role":"roles/firebase.sdkAdminServiceAgent","members":["serviceAccount:firebase-adminsdk-fbsvc@remot3forg3.iam.gserviceaccount.com","serviceAccount:firebase-app-hosting-compute@remot3forg3.iam.gserviceaccount.com"]},{"role":"roles/firebaseapphosting.computeRunner","members":["serviceAccount:firebase-app-hosting-compute@remot3forg3.iam.gserviceaccount.com"]},{"role":"roles/firebaseapphosting.serviceAgent","members":["serviceAccount:service-654981858296@gcp-sa-firebaseapphosting.iam.gserviceaccount.com"]},{"role":"roles/firebaseauth.admin","members":["serviceAccount:firebase-adminsdk-fbsvc@remot3forg3.iam.gserviceaccount.com"]},{"role":"roles/firebaserules.system","members":["serviceAccount:service-654981858296@firebase-rules.iam.gserviceaccount.com"]},{"role":"roles/firebasestorage.serviceAgent","members":["serviceAccount:service-654981858296@gcp-sa-firebasestorage.iam.gserviceaccount.com"]},{"role":"roles/firestore.serviceAgent","members":["serviceAccount:service-654981858296@gcp-sa-firestore.iam.gserviceaccount.com"]},{"role":"roles/iam.serviceAccountTokenCreator","members":["serviceAccount:firebase-adminsdk-fbsvc@remot3forg3.iam.gserviceaccount.com"]},{"role":"roles/owner","members":["user:americanegghub@gmail.com"]},{"role":"roles/run.serviceAgent","members":["serviceAccount:service-654981858296@serverless-robot-prod.iam.gserviceaccount.com"]},{"role":"roles/secretmanager.admin_withcond_504a167a93e779894424","members":["serviceAccount:service-654981858296@gcp-sa-devconnect.iam.gserviceaccount.com"]},{"role":"roles/storage.admin","members":["serviceAccount:firebase-adminsdk-fbsvc@remot3forg3.iam.gserviceaccount.com"]},{"role":"roles/storage.objectViewer","members":["serviceAccount:firebase-app-hosting-compute@remot3forg3.iam.gserviceaccount.com"]}]}
[debug] [2026-05-22T12:13:49.918Z] Checked if tokens are valid: true, expires at: 1779455627030
[debug] [2026-05-22T12:13:49.918Z] Checked if tokens are valid: true, expires at: 1779455627030
[debug] [2026-05-22T12:13:49.918Z] >>> [apiv2][query] GET https://firebaseapphosting.googleapis.com/v1beta/projects/remot3forg3/locations/-/backends 
[debug] [2026-05-22T12:13:50.437Z] <<< [apiv2][status] GET https://firebaseapphosting.googleapis.com/v1beta/projects/remot3forg3/locations/-/backends 200
[debug] [2026-05-22T12:13:50.437Z] <<< [apiv2][body] GET https://firebaseapphosting.googleapis.com/v1beta/projects/remot3forg3/locations/-/backends {"backends":[{"name":"projects/remot3forg3/locations/us-east4/backends/landing","createTime":"2026-05-20T13:38:35.146884757Z","updateTime":"2026-05-20T18:31:13.942588Z","uri":"landing--remot3forg3.us-east4.hosted.app","managedResources":[{"runService":{"service":"projects/654981858296/locations/us-east4/services/landing"}}],"codebase":{"repository":"projects/remot3forg3/locations/us-east4/connections/apphosting-github-conn-68f3tbc/gitRepositoryLinks/anonymouzappz-landing","rootDirectory":"/"},"uid":"95030ed0-82ca-48f3-ac9d-e3c04a463a01","etag":"hjFzeniMNDqOX3u_I2B_up8kj3w55WuAEsfk8zIQBko","reconciling":false,"servingLocality":"GLOBAL_ACCESS","serviceAccount":"firebase-app-hosting-compute@remot3forg3.iam.gserviceaccount.com","appId":"1:654981858296:web:0dd0fd59af2a5a90cc8c0d","overrideEnv":[{"variable":"NEXT_PUBLIC_FIREBASE_API_KEY","value":"AIzaSyA-GNsQxU58HOzQXl_F83wmhsQmDyQo74w"},{"variable":"NEXT_PUBLIC_FIREBASE_AUTH_DOMAIN","value":"remot3forg3.firebaseapp.com"},{"variable":"NEXT_PUBLIC_FIREBASE_PROJECT_ID","value":"remot3forg3"},{"variable":"NEXT_PUBLIC_FIREBASE_STORAGE_BUCKET","value":"remot3forg3.firebasestorage.app"},{"variable":"NEXT_PUBLIC_FIREBASE_MESSAGING_SENDER_ID","value":"654981858296"},{"variable":"NEXT_PUBLIC_FIREBASE_APP_ID","value":"1:654981858296:web:f33668bec0a8436bcc8c0d"},{"variable":"FIREBASE_STORAGE_BUCKET","value":"remot3forg3.firebasestorage.app"}],"automaticBaseImageUpdatesDisabled":true}]}
[debug] [2026-05-22T12:13:56.281Z] ExitPromptError: User force closed the prompt with SIGINT
    at Interface.sigint (C:\Users\BrilliantlyCandied\AppData\Roaming\npm\node_modules\firebase-tools\node_modules\@inquirer\core\dist\commonjs\lib\create-prompt.js:101:37)
    at Interface.emit (node:events:508:28)
    at [_ttyWrite] [as _ttyWrite] (node:internal/readline/interface:1327:18)
    at ReadStream.onkeypress (node:internal/readline/interface:284:20)
    at ReadStream.emit (node:events:520:35)
    at emitKeys (node:internal/readline/utils:371:14)
    at emitKeys.next (<anonymous>)
    at ReadStream.onData (node:internal/readline/emitKeypressEvents:64:36)
    at ReadStream.emit (node:events:508:28)
    at addChunk (node:internal/streams/readable:563:12)
[error] 
[error] Error: An unexpected error has occurred.
